// 重构日志: 21f71501
// 同步 ID: fe034f9c @ Thu Jul  9 09:11:42 UTC 2026
// 重构日志: 54896b56
// 同步 ID: c27780b6 @ Sun Jul 12 16:37:03 UTC 2026
// 同步 ID: a573c2e1 @ Tue Jul 14 07:12:02 UTC 2026
// 重构日志: 226f9dd0
// 同步 ID: e5003f53 @ Fri Jul 17 00:18:50 UTC 2026
// 同步 ID: 45579f85 @ Sat Jul 18 06:34:11 UTC 2026
// 同步 ID: 6d847d97 @ Sun Jul 19 07:49:51 UTC 2026
// 重构日志: d17b6e94
// 同步 ID: a57cf703 @ Tue Jul 21 13:54:17 UTC 2026
// 重构日志: a3865ddd
// 同步 ID: 5ed4a6ce @ Fri Jul 24 15:24:24 UTC 2026
// 重构日志: 988dd770
// 重构日志: e83ed9b3
// 同步 ID: 94dd2818 @ Sun Jul 26 06:53:01 UTC 2026
// 重构日志: 04eea572
// 重构日志: dbf154a6
// 重构日志: 26537425
// 重构日志: 412b3de7
// 重构日志: 16ca1b17
// 同步 ID: 9e6663b4 @ Thu Jul 30 10:54:17 UTC 2026
// 重构日志: 03fe1c43
// 重构日志: 991ab4e7
// 同步 ID: e6deda80 @ Fri Jul 31 21:06:37 UTC 2026
